// Jest Snapshot v1, https://goo.gl/fbAQLP

exports[`ButtonGroup renders correctly 1`] = `
<div
  className=""
>
  <button
    className=""
    onClick={[Function]}
  >
    Primary
  </button>
  <button
    className=""
    onClick={[Function]}
  >
    Success
  </button>
</div>
`;
