// Jest Snapshot v1, https://goo.gl/fbAQLP

exports[`Dropdown renders correctly 1`] = `
<button
  className=""
  onClick={[Function]}
>
  Click Me
</button>
`;
