// Jest Snapshot v1, https://goo.gl/fbAQLP

exports[`Collapse renders correctly 1`] = `
<div>
  <button
    className=""
    onClick={[Function]}
  >
    Click Me
  </button>
</div>
`;
